// Jest Snapshot v1, https://goo.gl/fbAQLP

exports[`extDetails render renders correctly 1`] = `
<div
  className="extDetails"
>
  <div
    className="extDetails-buttons"
  >
    <div
      className="buyButton"
    >
      <button
        type="button"
      >
         Buy it now 
      </button>
    </div>
    <div
      className="cartButton"
    >
      <button
        type="button"
      >
         Add to cart 
      </button>
    </div>
  </div>
  <div>
    <span
      className="inline-svg-2"
    >
      <svg
        aria-hidden="true"
        focusable="false"
        viewBox="-6 11 15 15"
        xmlns="http://www.w3.org/2000/svg"
      >
        <g
          data-animator-group="true"
          data-animator-type="2"
        >
          <polygon
            id="cart-star1"
            points="43 8 41.9 6.1 40 5 41.9 3.9 43 2 44.1 3.9 46 5 44.1 6.1 "
          />
        </g>
        <g
          data-animator-group="true"
          data-animator-type="2"
        >
          <polygon
            id="cart-star2"
            points="6 27 4.9 25.1 3 24 4.9 22.9 6 21 7.1 22.9 9 24 7.1 25.1 "
          />
        </g>
        <g
          data-animator-group="true"
          data-animator-type="2"
        >
          <polygon
            id="cart-star3"
            points="43 41 41.9 39.1 40 38 41.9 36.9 43 35 44.1 36.9 46 38 44.1 39.1 "
          />
        </g>
        <g
          data-animator-group="true"
          data-animator-type="0"
        >
          <g
            data-animator-group="true"
            data-animator-type="1"
          >
            <g
              data-animator-group="true"
              data-animator-type="2"
            >
              <polygon
                id="cart-basket"
                points="15.8 27 38.3 25 40 12.8 12.2 12.8 "
              />
            </g>
          </g>
        </g>
        <polygon
          id="cart-fill"
          points="15.7 18.4 20.5 18.2 20.5 14 14.6 14 "
        />
        <polygon
          id="cart-fill"
          points="23.5 25.3 28.5 24.9 28.5 20.9 23.5 21.1 "
        />
        <polygon
          id="cart-fill"
          points="23.5 18.1 28.5 17.9 28.5 14 23.5 14 "
        />
        <polygon
          id="cart-fill"
          points="17.5 25.9 20.5 25.6 20.5 21.2 16.4 21.4 "
        />
        <polygon
          id="cart-fill"
          points="31.5 17.8 37.2 17.5 37.7 14 31.5 14 "
        />
        <polygon
          id="cart-fill"
          points="31.5 24.6 36.2 24.1 36.8 20.5 31.5 20.8 "
        />
        <g
          data-animator-group="true"
          data-animator-type="0"
        >
          <circle
            cx="35"
            cy="41"
            r="3"
          />
        </g>
        <g
          data-animator-group="true"
          data-animator-type="0"
        >
          <circle
            cx="15"
            cy="41"
            r="3"
          />
        </g>
        <g
          data-animator-group="true"
          data-animator-type="0"
        >
          <g
            data-animator-group="true"
            data-animator-type="1"
          >
            <path
              d="M40 10H13.6l-0.6-2.5L11 6H4v4h5.4l0.6 2.5L13.9 28l-1.4 5.5 1.9 2.5H38v-4H17.1l0.5-2.1L38.2 28l1.8-1.7 2-14L40 10zM20.5 25.6l-3 0.3 -1.1-4.4 4.1-0.2V25.6zM20.5 18.2l-4.8 0.2L14.6 14h5.9V18.2zM28.5 24.9l-5 0.5v-4.2l5-0.2V24.9zM28.5 17.9l-5 0.2V14h5V17.9zM36.2 24.1l-4.7 0.4v-3.8l5.3-0.2L36.2 24.1zM37.2 17.5l-5.7 0.2V14h6.2L37.2 17.5z"
            />
          </g>
        </g>
      </svg>
      <span
        className="descriptor"
      >
        <b>
          Other people want this.
          <span>
             
          </span>
        </b>
        Over 20 people have this in their carts right now.
      </span>
    </span>
  </div>
  <div
    className="details"
  >
    <span
      className="inline-svg-3"
    >
      <svg
        aria-hidden="true"
        focusable="false"
        viewBox="-6 11 15 15"
        xmlns="http://www.w3.org/2000/svg"
      >
        <g
          data-animator-group="true"
          data-animator-type="0"
        >
          <circle
            cx="13"
            cy="38"
            r="4"
          />
        </g>
        <g
          data-animator-group="true"
          data-animator-type="0"
        >
          <circle
            cx="35"
            cy="38"
            r="4"
          />
        </g>
        <g
          data-animator-group="true"
          data-animator-type="0"
        >
          <circle
            cx="13"
            cy="38"
            id="wheel-left"
            r="4"
          />
        </g>
        <g
          data-animator-group="true"
          data-animator-type="0"
        >
          <circle
            cx="35"
            cy="38"
            id="wheel-right"
            r="4"
          />
        </g>
        <g
          data-animator-group="true"
          data-animator-type="0"
        >
          <g
            data-animator-group="true"
            data-animator-type="1"
          >
            <path
              d="M38.6 15c-0.6-0.3-1.1-0.6-1.7-1H28v14H4v7c0.4 0.4 0.6 0.6 1 1h2.4c0.8-2.3 3-4 5.6-4s4.8 1.7 5.6 4h10.7c0.8-2.3 3-4 5.6-4s4.8 1.7 5.6 4H43c0.4-0.4 0.6-0.6 1-1V24L38.6 15zM32 24v-6h4.9l3.6 6H32z"
            />
            <path
              d="M28 10c-0.8-0.8-1.2-1.2-2-2H6c-0.8 0.8-1.2 1.2-2 2v18h24V10z"
              id="truck-container"
            />
          </g>
        </g>
      </svg>
      <span
        className="descriptor"
      >
        <b>
          Nice choice! 
        </b>
        Enjoy free shipping to the US when you spend $35+ at this shop.
      </span>
    </span>
    <button
      className="detailsCollapsible"
      onClick={[Function]}
      type="button"
    >
      Details
    </button>
    <span />
    <button
      className="descriptionCollapsible"
      onClick={[Function]}
      type="button"
    >
      Description
    </button>
    <span />
    <button
      className="shippingCollapsible"
      onClick={[Function]}
      type="button"
    >
      Shipping and Return Policies
    </button>
    <span />
  </div>
</div>
`;
